src/App.tsx(1,1): error TS6133: 'React' is declared but its value is never read.
src/components/ComponentLibrary.tsx(1,8): error TS6133: 'React' is declared but its value is never read.
src/components/ComponentLibrary.tsx(2,25): error TS6133: 'Loader' is declared but its value is never read.
src/components/DashboardHome.tsx(1,1): error TS6133: 'React' is declared but its value is never read.
src/components/DashboardHome.tsx(133,61): error TS6133: 'entry' is declared but its value is never read.
src/components/Layout/AdminLayout.tsx(1,8): error TS6133: 'React' is declared but its value is never read.
src/components/Sidebar.tsx(1,1): error TS6133: 'React' is declared but its value is never read.
src/components/ui/Alert.tsx(2,58): error TS6133: 'LucideIcon' is declared but its value is never read.
src/components/ui/Avatar.tsx(1,8): error TS6133: 'React' is declared but its value is never read.
src/components/ui/Badge.tsx(1,8): error TS6133: 'React' is declared but its value is never read.
src/components/ui/Card.tsx(1,8): error TS6133: 'React' is declared but its value is never read.
src/components/ui/Checkbox.tsx(1,8): error TS6133: 'React' is declared but its value is never read.
src/components/ui/Input.tsx(1,8): error TS6133: 'React' is declared but its value is never read.
src/components/ui/Modal.tsx(1,8): error TS6133: 'React' is declared but its value is never read.
src/components/ui/Modal.tsx(15,56): error TS6133: 'title' is declared but its value is never read.
src/components/ui/Radio.tsx(1,8): error TS6133: 'React' is declared but its value is never read.
src/components/ui/Select.tsx(1,8): error TS6133: 'React' is declared but its value is never read.
src/components/ui/Switch.tsx(1,8): error TS6133: 'React' is declared but its value is never read.
src/components/ui/Table.tsx(1,8): error TS6133: 'React' is declared but its value is never read.
src/components/ui/Table.tsx(50,46): error TS2339: Property 'id' does not exist on type 'T'.
src/components/ui/Table.tsx(53,45): error TS2322: Type 'string | number | bigint | boolean | ReactElement<unknown, string | JSXElementConstructor<any>> | Iterable<ReactNode> | Promise<...> | T[keyof T & string] | null | undefined' is not assignable to type 'ReactNode'.
  Type 'T[keyof T & string]' is not assignable to type 'ReactNode'.
    Type 'T[string]' is not assignable to type 'ReactNode'.
      Type 'T[string]' is not assignable to type 'Promise<AwaitedReactNode>'.
        Type 'T[keyof T & string]' is not assignable to type 'Promise<AwaitedReactNode>'.
          Type 'T[string]' is not assignable to type 'Promise<AwaitedReactNode>'.
src/context/AuthContext.tsx(1,8): error TS6133: 'React' is declared but its value is never read.
src/lib/constants.ts(3,5): error TS6133: 'PieChart' is declared but its value is never read.
src/pages/admin/Jadwal.tsx(1,8): error TS6133: 'React' is declared but its value is never read.
src/pages/admin/Jadwal.tsx(2,10): error TS6133: 'Search' is declared but its value is never read.
src/pages/admin/Kelas.tsx(1,8): error TS6133: 'React' is declared but its value is never read.
src/pages/admin/Presensi.tsx(1,8): error TS6133: 'React' is declared but its value is never read.
src/pages/admin/Presensi.tsx(2,18): error TS6133: 'Filter' is declared but its value is never read.
src/pages/admin/Presensi.tsx(2,26): error TS6133: 'Download' is declared but its value is never read.
src/pages/admin/Presensi.tsx(4,1): error TS6133: 'formatDate' is declared but its value is never read.
src/pages/admin/Presensi.tsx(6,1): error TS6133: 'Button' is declared but its value is never read.
src/pages/admin/Warga.tsx(1,8): error TS6133: 'React' is declared but its value is never read.
src/pages/PresensiPublic.tsx(8,10): error TS6133: 'Warga' is declared but its value is never read.
src/pages/PresensiPublic.tsx(8,25): error TS6133: 'PresensiRecord' is declared but its value is never read.
